// Jest Snapshot v1, https://goo.gl/fbAQLP

exports[`Fragment test in jsx 1`] = `
<my-cmp>
  <h1>
    Hello, World
  </h1>
  <p>
    Jojo
  </p>
</my-cmp>
`;
